XV6_TEST_OUTPUT Negative buffer length handled correctly.
