XV6_TEST_OUTPUT Parent Name: test_5, Child Name: test_5
